// Jest Snapshot v1, https://goo.gl/fbAQLP

exports[`destinations reducer should update the state with constructed data when type is DESTINATIONS_CONSTRUCTED 1`] = `
Array [
  Object {
    "planet": Object {
      "distance": 0,
      "isChosen": false,
      "name": "",
    },
    "vehicle": Object {
      "capacity": false,
      "max_distance": 0,
      "name": "",
      "speed": 0,
      "total_no": 0,
      "usage": 0,
    },
    "vehiclesInstance": Array [
      Object {
        "capacity": true,
        "max_distance": 200,
        "name": "Space pod",
        "speed": 2,
        "total_no": 2,
        "usage": 0,
      },
      Object {
        "capacity": true,
        "max_distance": 300,
        "name": "Space rocket",
        "speed": 4,
        "total_no": 1,
        "usage": 0,
      },
      Object {
        "capacity": true,
        "max_distance": 400,
        "name": "Space shuttle",
        "speed": 5,
        "total_no": 1,
        "usage": 0,
      },
      Object {
        "capacity": true,
        "max_distance": 600,
        "name": "Space ship",
        "speed": 10,
        "total_no": 2,
        "usage": 0,
      },
    ],
  },
  Object {
    "planet": Object {
      "distance": 0,
      "isChosen": false,
      "name": "",
    },
    "vehicle": Object {
      "capacity": false,
      "max_distance": 0,
      "name": "",
      "speed": 0,
      "total_no": 0,
      "usage": 0,
    },
    "vehiclesInstance": Array [
      Object {
        "capacity": true,
        "max_distance": 200,
        "name": "Space pod",
        "speed": 2,
        "total_no": 2,
        "usage": 0,
      },
      Object {
        "capacity": true,
        "max_distance": 300,
        "name": "Space rocket",
        "speed": 4,
        "total_no": 1,
        "usage": 0,
      },
      Object {
        "capacity": true,
        "max_distance": 400,
        "name": "Space shuttle",
        "speed": 5,
        "total_no": 1,
        "usage": 0,
      },
      Object {
        "capacity": true,
        "max_distance": 600,
        "name": "Space ship",
        "speed": 10,
        "total_no": 2,
        "usage": 0,
      },
    ],
  },
  Object {
    "planet": Object {
      "distance": 0,
      "isChosen": false,
      "name": "",
    },
    "vehicle": Object {
      "capacity": false,
      "max_distance": 0,
      "name": "",
      "speed": 0,
      "total_no": 0,
      "usage": 0,
    },
    "vehiclesInstance": Array [
      Object {
        "capacity": true,
        "max_distance": 200,
        "name": "Space pod",
        "speed": 2,
        "total_no": 2,
        "usage": 0,
      },
      Object {
        "capacity": true,
        "max_distance": 300,
        "name": "Space rocket",
        "speed": 4,
        "total_no": 1,
        "usage": 0,
      },
      Object {
        "capacity": true,
        "max_distance": 400,
        "name": "Space shuttle",
        "speed": 5,
        "total_no": 1,
        "usage": 0,
      },
      Object {
        "capacity": true,
        "max_distance": 600,
        "name": "Space ship",
        "speed": 10,
        "total_no": 2,
        "usage": 0,
      },
    ],
  },
  Object {
    "planet": Object {
      "distance": 0,
      "isChosen": false,
      "name": "",
    },
    "vehicle": Object {
      "capacity": false,
      "max_distance": 0,
      "name": "",
      "speed": 0,
      "total_no": 0,
      "usage": 0,
    },
    "vehiclesInstance": Array [
      Object {
        "capacity": true,
        "max_distance": 200,
        "name": "Space pod",
        "speed": 2,
        "total_no": 2,
        "usage": 0,
      },
      Object {
        "capacity": true,
        "max_distance": 300,
        "name": "Space rocket",
        "speed": 4,
        "total_no": 1,
        "usage": 0,
      },
      Object {
        "capacity": true,
        "max_distance": 400,
        "name": "Space shuttle",
        "speed": 5,
        "total_no": 1,
        "usage": 0,
      },
      Object {
        "capacity": true,
        "max_distance": 600,
        "name": "Space ship",
        "speed": 10,
        "total_no": 2,
        "usage": 0,
      },
    ],
  },
]
`;
